// Jest Snapshot v1, https://goo.gl/fbAQLP

exports[`MapPage Component renders GraphQlError on error 1`] = `
<GraphQlError
  error={mockConstructor {}}
  errors={
    [
      mockConstructor {},
    ]
  }
/>
`;

exports[`MapPage Component renders MapPageContainer on success 1`] = `
<MapPageContainer
  countries={
    [
      {
        "country": {
          "awsRegion": "us-east-2",
          "capital": "Washington D.C.",
          "code": "US",
          "continent": {
            "name": "North America",
          },
          "currencies": [
            "USD",
            "USN",
            "USS",
          ],
          "currency": "USD,USN,USS",
          "emoji": "🇺🇸",
          "emojiU": "U+1F1FA U+1F1F8",
          "languages": [
            {
              "name": "English",
              "native": "English",
            },
          ],
          "name": "United States of America",
          "native": "United States",
          "phone": "1",
          "phones": [
            "1",
          ],
          "states": [
            {
              "code": "AL",
              "name": "Alabama",
            },
          ],
          "subdivisions": [],
        },
      },
    ]
  }
  loading={false}
/>
`;
